AACS
ABCD1
ACAN
ACAT1
ACSL4
ACTB
ACTG1
ACY1
ADA
ADNP
ADSL
AFF2
AGA
AGO1
AHI1
ALDH18A1
ALDH3A2
ALDH5A1
ALDH7A1
ALDOB
ALG1
ALG12
ALG13
ALG3
ALG6
AMT
ANK3
ANKH
ANKRD11
AP1S2
AP4B1
AP4E1
AP4M1
AP4S1
APTX
AREL1
ARFGEF2
ARHGEF6
ARHGEF9
ARID1A
ARID1B
ARIH1
ARL13B
ARL6
ARSA
ARX
ASAH1
ASL
ASPA
ASPM
ASS1
ASXL1
ATF4
ATF6
ATP2B3
ATP6AP2
ATP6V0A2
ATP7A
ATP7B
ATR
ATRX
ATXN3L
AUTS2
BBS1
BBS10
BBS12
BBS2
BBS4
BBS5
BBS7
BBS9
BCKDHA
BCKDHB
BCKDK
BCOR
BIP
BMP3
BRAF
BRD3
BRWD3
BTD
C12orf57
C12ORF57
C22orf31
C7orf11
CA8
CACNA1A
CACNA1C
CACNA1D
CACNA1F
CACNA1G
CACNG2
CAMTA1
CAPN12b
CASK
CASR
CBS
CC2D1A
CC2D2A
CCDC22
CCDC82
CDH10
CDH15
CDH9
CDK5RAP2
CDK6
CDKL5
CENPJ
CEP152
CEP290
CHD2
CHD7
CHD8
CHKB
CHOP
CHRNA2
CHRNA4
CHRNA7
CHRNB2
CLCN2
CLCN4
CLIC2
CLN3
CLN5
CLN6
CLN8
CNKSR2
CNTN4
CNTNAP2
COG8
COL4A1
CPA6
CPS1
CRBN
CREBBP
CTNNB1
CTSF
CUL4B
CUX2
CYB5R3
CYFIP1
CYP11A1
CYP27A1
CYP2U1
D2HGDH
DBT
DCTN2
DCX
DDHD2
DEAF1
DEPDC5
DHCR7
DISC1
DKC1
DLD
DLG1
DLG2
DLG3
DMD
DNM1
DNM3
DNMT3B
DOCK8
DP71
DPAGT1
DPH1
DPM1
DPYD
DUOX1
DYNC1H1
DYRK1A
EEF1A2
EFTUD2
EHMT1
EIF2S3
EIF4E
ELOVL4
ELP2
EN2
EP300
EPB41L1
ERCC2
ERCC3
ERCC5
ERCC6
ERCC8
ERLIN2
EXOSC3
FANCB
FGD1
FGF21
FGFR2
FH
FKRP
FKTN
FLNA
FMOD
FMR1
FOLR1
FOXG1
FOXP1
FOXP2
FOXP4
FRAS1
FRMPD4
FRY
FTCD
FTSJ1
FUCA1
GABBR2
GABRA1
GABRB3
GABRD
GABRG2
GALE
GALT
GAMT
GAP43
GATAD2B
GATM
GBA
GCDH
GCH1
GCSH
GDI1
GFAP
GFPT2
GGN
GK
GLDC
GLUD1
GNAO1
GNE
GNS
GPAA1
GPC3
GPR56
GPT2
GRIA3
GRID2
GRIK2
GRIN1
GRIN2A
GRIN2B
GRIP1
GRM7
GTF2I
GUSB
HAL
HCCS
HCFC1
HCN1
HDAC4
HDAC8
HEPACAM
HEXA
HGSNAT
HIVEP2
HMGA2
HOXA1
HPRT1
HRAS
HSD17B10
HUWE1
IDS
IDUA
IGBP1
IGF1
IGF1R
IKBKG
IL1RAPL1
INPP5E
IQSEC2
IVD
KALRN
KANSL1
KANSL2
KAT6B
KATNAL2
KCNA1
KCNA2
KCNJ10
KCNJ11
KCNK9
KCNMA1
KCNQ2
KCNQ3
KCNT1
KCTD13
KDM5A
KDM5C
KDM6A
KIAA0226
KIAA1279
KIAA2022
KIF11
KIF1A
KIF7
KIRREL3
KLF8
KLHL15
KRAS
L1CAM
L2HGDH
LAMA2
LAMC3
LAMP2
LARGE
LAS1L
LGI1
LIMK1
LRP2
MACROD2
MAN1B1
MAN2B1
MANBA
MAOA
MAP2K1
MAP2K2
MAST1
MBD5
MBTPS2
MCOLN1
MCPH1
MDGA2
MECP2
MED12
MED13L
MED17
MED23
MEF2C
MEGF9
MET
METTL4
METTL5
MFSD2A
MFSD8
MGAT2
MID1
MIR222
MKKS
MLL2
MMACHC
MOCS1
MOCS2
MPDU1
MSNP1AS
MSS51 (ZMYND17)
MTHFR
MTR
MUT
MYCN
MYO5A
MYT1L
NAA10
NAGLU
NDE1
NDP
NDST1
NDUFA1
NEDD4L
NEU1
NF1
NFIX
NGFR
NHS
NIPBL
NLGN3
NLGN4X
NPC1
NPC2
NPHP1
NRXN1
NRXN2
NSD1
NSDHL
NSUN2
NTNG1
OCRL
OFD1
OPHN1
OR2A12
OTC
OXTR
PACS1
PAFAH1B1
PAH
PAK3
PAX6
PCCA
PCCB
PCDH19
PCDH8
PCNT
PDHA1
PDHX
PEX1
PEX12
PEX6
PEX7
PGAP1
PGK1
PHF21A
PHF6
PHF8
PHGDH
PIGV
PLCB1
PLP1
PMM2
PNKP
POGZ
POLR3A
POLR3B
POMGNT1
POMT1
POMT2
PORCN
POU1F1
PPP2R5D
PPT1
PQBP1
PRKAR2B
PRKRA
PRODH
PRPS1
PRRT2
PRSS12
PSAP
PTCHD1
PTEN
PTPN11
PTS
PTT1
PUS7
PVRL1
QARS
RAB18​
RAB39B
RAB3GAP1
RAB3GAP2
RAF1
RAI1
RARS2
RBM10
RELN
RGR
RLIM
RNF135
RORA
RPGRIP1L
RPL10
RPS6KA3
RPS6KC1
SATB2
SCN1A
SCN1B
SCN2A
SCN8A
SEMA5A
SEPT6
SETBP1
SETD2
SETD5
SGSH
SHANK1
SHANK2
SHANK3
SHOC2
SHROOM4
SIL1
SKI
SLC12A6
SLC13A5
SLC16A2
SLC17A5
SLC1A1
SLC25A13
SLC25A15
SLC25A22
SLC2A1
SLC35A2
SLC35A3
SLC35C1
SLC46A1
SLC4A4
SLC6A1
SLC6A4
SLC6A8
SLC7A10
SLC9A6
SMAD4
SMARCA1
SMARCA2
SMARCA4
SMARCB1
SMARCE1
SMC1A
SMC3
SMS
SNAP29
SOBP
SOS1
SOX11
SOX3
SOX5
SOX7
SPG11
SPRED1
SPTAN1
SRCAP
SRD5A3
SRGAP3
ST3GAL3
ST3GAL5
STAG1
STIL
STX1A
STXBP1
SUOX
SYN1
SYNE1
SYNGAP1
SYP
SZT2
TAF1
TANGO2 (C22orf25)
TAOK2
TBC1D24
TBC1D8
TBL1XR1
TBR1
TBX1
TCF20
TCF4
TECPR2
TECR
TGFBR1
TGFBR2
TIMM8A
TM2D3
TMEM222
TMEM237
TMEM67
TMLHE
TNK2
TPK1
TPP1
TRAPPC9
TRIM32
TRIO
TSC1
TSC2
TSHR
TSPAN7
TTC8
TTP1
TUBA1A
TUBB2B
TUSC3
UBA5
UBE2A
UBE2J2
UBE3A
UBE3B
UBR1
UFM1
UPB1
UPF3B
UROC1
USP27X
VLDLR
VPS13B
WDR45
WDR45L
WDR62
WDR73
WFDC1
WHSC1
WNK3
WWOX
YWHAE
ZBTB20
ZC3H14
ZDHHC15
ZDHHC9
ZEB2
ZFYVE26
ZMYM3
ZMYND11
ZNF292
ZNF41
ZNF526
ZNF711
ZNF81
ZSCAN25 (ZNF498)
